// Jest Snapshot v1, https://goo.gl/fbAQLP

exports[`Prueba de <GifItem /> debe de validar el snapshot 1`] = `
<div>
  <div
    class="card"
  >
    <img
      alt="Soy un titulo"
      src="https://soyurl.test/"
    />
    <p>
      Soy un titulo
    </p>
  </div>
</div>
`;
